// Jest Snapshot v1, https://goo.gl/fbAQLP

exports[`Info Passes snapshot test 1`] = `
<aside
  css={
    Object {
      "map": "/*# sourceMappingURL=data:application/json;charset=utf-8;base64,eyJ2ZXJzaW9uIjozLCJzb3VyY2VzIjpbImluZGV4LnRzeCJdLCJuYW1lcyI6W10sIm1hcHBpbmdzIjoiQUFrQnVCIiwiZmlsZSI6ImluZGV4LnRzeCIsInNvdXJjZXNDb250ZW50IjpbImltcG9ydCBSZWFjdCBmcm9tIFwicmVhY3RcIjtcblxuaW1wb3J0IHsgY3NzLCBqc3gsIFNlcmlhbGl6ZWRTdHlsZXMgfSBmcm9tIFwiQGVtb3Rpb24vY29yZVwiO1xuXG5pbXBvcnQgeyB1c2VUaGVtZSB9IGZyb20gXCJlbW90aW9uLXRoZW1pbmdcIjtcbmltcG9ydCB7IFRoZW1lIH0gZnJvbSBcIi4uL3RoZW1lXCI7XG5cbmludGVyZmFjZSBJbmZvUHJvcHMge1xuICBjaGlsZHJlbjogUmVhY3QuUmVhY3ROb2RlO1xufVxuXG5pbnRlcmZhY2UgTm90ZVByb3BzIGV4dGVuZHMgSW5mb1Byb3BzIHtcbiAgYWRkaXRpb25hbFN0eWxlPzogU2VyaWFsaXplZFN0eWxlcztcbn1cblxuY29uc3QgTm90ZSA9ICh7IGNoaWxkcmVuLCBhZGRpdGlvbmFsU3R5bGUgfTogTm90ZVByb3BzKSA9PiB7XG4gIGNvbnN0IHRoZW1lOiBUaGVtZSA9IHVzZVRoZW1lKCk7XG5cbiAgY29uc3Qgbm90ZVN0eWxlID0gY3NzYFxuICAgIGNvbG9yOiAke3RoZW1lLmNvbG9ycy5wcmltYXJ5VGV4dH07XG4gICAgbGluZS1oZWlnaHQ6IDE4cHg7XG4gICAgb3ZlcmZsb3c6IGhpZGRlbjtcbiAgICBwYWRkaW5nOiAxMHB4IDIwcHg7XG4gICAgbWFyZ2luOiAxMnB4IDBweDtcblxuICAgIGgxLFxuICAgIGgyLFxuICAgIGgzLFxuICAgIGg0LFxuICAgIGg1LFxuICAgIGg2IHtcbiAgICAgIG1hcmdpbi1ib3R0b206IDhweDtcbiAgICAgIG1hcmdpbi10b3A6IDhweDtcbiAgICB9XG5cbiAgICBoMSB7XG4gICAgICBmb250LXNpemU6IDIwcHg7XG4gICAgfVxuXG4gICAgaDIge1xuICAgICAgZm9udC1zaXplOiAxOHB4O1xuICAgIH1cblxuICAgIGgzLFxuICAgIGg0LFxuICAgIGg1LFxuICAgIGg2IHtcbiAgICAgIGZvbnQtc2l6ZTogMTZweDtcbiAgICB9XG5cbiAgICBwIHtcbiAgICAgIG1hcmdpbi1ib3R0b206IDhweDtcbiAgICAgIG1hcmdpbi10b3A6IDhweDtcbiAgICB9XG4gIGA7XG5cbiAgcmV0dXJuIDxhc2lkZSBjc3M9e1tub3RlU3R5bGUsIGFkZGl0aW9uYWxTdHlsZV19PntjaGlsZHJlbn08L2FzaWRlPjtcbn07XG5cbmNvbnN0IEluZm8gPSAoeyBjaGlsZHJlbiB9OiBJbmZvUHJvcHMpID0+IHtcbiAgY29uc3QgdGhlbWU6IFRoZW1lID0gdXNlVGhlbWUoKTtcblxuICBjb25zdCBzdHlsZSA9IGNzc2BcbiAgICBiYWNrZ3JvdW5kLWNvbG9yOiAke3RoZW1lLmNvbG9ycy5ub3RlfTtcbiAgICBib3JkZXItbGVmdDogc29saWQgNHB4ICR7dGhlbWUuY29sb3JzLm5vdGVIaWdobGlnaHR9O1xuICBgO1xuXG4gIHJldHVybiA8Tm90ZSBhZGRpdGlvbmFsU3R5bGU9e3N0eWxlfT57Y2hpbGRyZW59PC9Ob3RlPjtcbn07XG5cbmNvbnN0IFdhcm5pbmcgPSAoeyBjaGlsZHJlbiB9OiBJbmZvUHJvcHMpID0+IHtcbiAgY29uc3QgdGhlbWU6IFRoZW1lID0gdXNlVGhlbWUoKTtcblxuICBjb25zdCBzdHlsZSA9IGNzc2BcbiAgICBiYWNrZ3JvdW5kLWNvbG9yOiAke3RoZW1lLmNvbG9ycy53YXJuaW5nfTtcbiAgICBib3JkZXItbGVmdDogc29saWQgNHB4ICR7dGhlbWUuY29sb3JzLndhcm5pbmdIaWdobGlnaHR9O1xuICBgO1xuXG4gIHJldHVybiA8Tm90ZSBhZGRpdGlvbmFsU3R5bGU9e3N0eWxlfT57Y2hpbGRyZW59PC9Ob3RlPjtcbn07XG5cbmV4cG9ydCB7IE5vdGUsIEluZm8sIFdhcm5pbmcgfTtcbiJdfQ== */",
      "name": "10gfq86-noteStyle-style-Note",
      "next": undefined,
      "styles": "color:#3B454E;line-height:18px;overflow:hidden;padding:10px 20px;margin:12px 0px;h1,h2,h3,h4,h5,h6{margin-bottom:8px;margin-top:8px;}h1{font-size:20px;}h2{font-size:18px;}h3,h4,h5,h6{font-size:16px;}p{margin-bottom:8px;margin-top:8px;};label:noteStyle;;background-color:#D7E6F4;border-left:solid 4px #3884C7;;label:style;;/*# sourceMappingURL=data:application/json;charset=utf-8;base64,eyJ2ZXJzaW9uIjozLCJzb3VyY2VzIjpbImluZGV4LnRzeCJdLCJuYW1lcyI6W10sIm1hcHBpbmdzIjoiQUE4RG1CIiwiZmlsZSI6ImluZGV4LnRzeCIsInNvdXJjZXNDb250ZW50IjpbImltcG9ydCBSZWFjdCBmcm9tIFwicmVhY3RcIjtcblxuaW1wb3J0IHsgY3NzLCBqc3gsIFNlcmlhbGl6ZWRTdHlsZXMgfSBmcm9tIFwiQGVtb3Rpb24vY29yZVwiO1xuXG5pbXBvcnQgeyB1c2VUaGVtZSB9IGZyb20gXCJlbW90aW9uLXRoZW1pbmdcIjtcbmltcG9ydCB7IFRoZW1lIH0gZnJvbSBcIi4uL3RoZW1lXCI7XG5cbmludGVyZmFjZSBJbmZvUHJvcHMge1xuICBjaGlsZHJlbjogUmVhY3QuUmVhY3ROb2RlO1xufVxuXG5pbnRlcmZhY2UgTm90ZVByb3BzIGV4dGVuZHMgSW5mb1Byb3BzIHtcbiAgYWRkaXRpb25hbFN0eWxlPzogU2VyaWFsaXplZFN0eWxlcztcbn1cblxuY29uc3QgTm90ZSA9ICh7IGNoaWxkcmVuLCBhZGRpdGlvbmFsU3R5bGUgfTogTm90ZVByb3BzKSA9PiB7XG4gIGNvbnN0IHRoZW1lOiBUaGVtZSA9IHVzZVRoZW1lKCk7XG5cbiAgY29uc3Qgbm90ZVN0eWxlID0gY3NzYFxuICAgIGNvbG9yOiAke3RoZW1lLmNvbG9ycy5wcmltYXJ5VGV4dH07XG4gICAgbGluZS1oZWlnaHQ6IDE4cHg7XG4gICAgb3ZlcmZsb3c6IGhpZGRlbjtcbiAgICBwYWRkaW5nOiAxMHB4IDIwcHg7XG4gICAgbWFyZ2luOiAxMnB4IDBweDtcblxuICAgIGgxLFxuICAgIGgyLFxuICAgIGgzLFxuICAgIGg0LFxuICAgIGg1LFxuICAgIGg2IHtcbiAgICAgIG1hcmdpbi1ib3R0b206IDhweDtcbiAgICAgIG1hcmdpbi10b3A6IDhweDtcbiAgICB9XG5cbiAgICBoMSB7XG4gICAgICBmb250LXNpemU6IDIwcHg7XG4gICAgfVxuXG4gICAgaDIge1xuICAgICAgZm9udC1zaXplOiAxOHB4O1xuICAgIH1cblxuICAgIGgzLFxuICAgIGg0LFxuICAgIGg1LFxuICAgIGg2IHtcbiAgICAgIGZvbnQtc2l6ZTogMTZweDtcbiAgICB9XG5cbiAgICBwIHtcbiAgICAgIG1hcmdpbi1ib3R0b206IDhweDtcbiAgICAgIG1hcmdpbi10b3A6IDhweDtcbiAgICB9XG4gIGA7XG5cbiAgcmV0dXJuIDxhc2lkZSBjc3M9e1tub3RlU3R5bGUsIGFkZGl0aW9uYWxTdHlsZV19PntjaGlsZHJlbn08L2FzaWRlPjtcbn07XG5cbmNvbnN0IEluZm8gPSAoeyBjaGlsZHJlbiB9OiBJbmZvUHJvcHMpID0+IHtcbiAgY29uc3QgdGhlbWU6IFRoZW1lID0gdXNlVGhlbWUoKTtcblxuICBjb25zdCBzdHlsZSA9IGNzc2BcbiAgICBiYWNrZ3JvdW5kLWNvbG9yOiAke3RoZW1lLmNvbG9ycy5ub3RlfTtcbiAgICBib3JkZXItbGVmdDogc29saWQgNHB4ICR7dGhlbWUuY29sb3JzLm5vdGVIaWdobGlnaHR9O1xuICBgO1xuXG4gIHJldHVybiA8Tm90ZSBhZGRpdGlvbmFsU3R5bGU9e3N0eWxlfT57Y2hpbGRyZW59PC9Ob3RlPjtcbn07XG5cbmNvbnN0IFdhcm5pbmcgPSAoeyBjaGlsZHJlbiB9OiBJbmZvUHJvcHMpID0+IHtcbiAgY29uc3QgdGhlbWU6IFRoZW1lID0gdXNlVGhlbWUoKTtcblxuICBjb25zdCBzdHlsZSA9IGNzc2BcbiAgICBiYWNrZ3JvdW5kLWNvbG9yOiAke3RoZW1lLmNvbG9ycy53YXJuaW5nfTtcbiAgICBib3JkZXItbGVmdDogc29saWQgNHB4ICR7dGhlbWUuY29sb3JzLndhcm5pbmdIaWdobGlnaHR9O1xuICBgO1xuXG4gIHJldHVybiA8Tm90ZSBhZGRpdGlvbmFsU3R5bGU9e3N0eWxlfT57Y2hpbGRyZW59PC9Ob3RlPjtcbn07XG5cbmV4cG9ydCB7IE5vdGUsIEluZm8sIFdhcm5pbmcgfTtcbiJdfQ== */;label:Note;/*# sourceMappingURL=data:application/json;charset=utf-8;base64,eyJ2ZXJzaW9uIjozLCJzb3VyY2VzIjpbImluZGV4LnRzeCJdLCJuYW1lcyI6W10sIm1hcHBpbmdzIjoiQUF3RGdCIiwiZmlsZSI6ImluZGV4LnRzeCIsInNvdXJjZXNDb250ZW50IjpbImltcG9ydCBSZWFjdCBmcm9tIFwicmVhY3RcIjtcblxuaW1wb3J0IHsgY3NzLCBqc3gsIFNlcmlhbGl6ZWRTdHlsZXMgfSBmcm9tIFwiQGVtb3Rpb24vY29yZVwiO1xuXG5pbXBvcnQgeyB1c2VUaGVtZSB9IGZyb20gXCJlbW90aW9uLXRoZW1pbmdcIjtcbmltcG9ydCB7IFRoZW1lIH0gZnJvbSBcIi4uL3RoZW1lXCI7XG5cbmludGVyZmFjZSBJbmZvUHJvcHMge1xuICBjaGlsZHJlbjogUmVhY3QuUmVhY3ROb2RlO1xufVxuXG5pbnRlcmZhY2UgTm90ZVByb3BzIGV4dGVuZHMgSW5mb1Byb3BzIHtcbiAgYWRkaXRpb25hbFN0eWxlPzogU2VyaWFsaXplZFN0eWxlcztcbn1cblxuY29uc3QgTm90ZSA9ICh7IGNoaWxkcmVuLCBhZGRpdGlvbmFsU3R5bGUgfTogTm90ZVByb3BzKSA9PiB7XG4gIGNvbnN0IHRoZW1lOiBUaGVtZSA9IHVzZVRoZW1lKCk7XG5cbiAgY29uc3Qgbm90ZVN0eWxlID0gY3NzYFxuICAgIGNvbG9yOiAke3RoZW1lLmNvbG9ycy5wcmltYXJ5VGV4dH07XG4gICAgbGluZS1oZWlnaHQ6IDE4cHg7XG4gICAgb3ZlcmZsb3c6IGhpZGRlbjtcbiAgICBwYWRkaW5nOiAxMHB4IDIwcHg7XG4gICAgbWFyZ2luOiAxMnB4IDBweDtcblxuICAgIGgxLFxuICAgIGgyLFxuICAgIGgzLFxuICAgIGg0LFxuICAgIGg1LFxuICAgIGg2IHtcbiAgICAgIG1hcmdpbi1ib3R0b206IDhweDtcbiAgICAgIG1hcmdpbi10b3A6IDhweDtcbiAgICB9XG5cbiAgICBoMSB7XG4gICAgICBmb250LXNpemU6IDIwcHg7XG4gICAgfVxuXG4gICAgaDIge1xuICAgICAgZm9udC1zaXplOiAxOHB4O1xuICAgIH1cblxuICAgIGgzLFxuICAgIGg0LFxuICAgIGg1LFxuICAgIGg2IHtcbiAgICAgIGZvbnQtc2l6ZTogMTZweDtcbiAgICB9XG5cbiAgICBwIHtcbiAgICAgIG1hcmdpbi1ib3R0b206IDhweDtcbiAgICAgIG1hcmdpbi10b3A6IDhweDtcbiAgICB9XG4gIGA7XG5cbiAgcmV0dXJuIDxhc2lkZSBjc3M9e1tub3RlU3R5bGUsIGFkZGl0aW9uYWxTdHlsZV19PntjaGlsZHJlbn08L2FzaWRlPjtcbn07XG5cbmNvbnN0IEluZm8gPSAoeyBjaGlsZHJlbiB9OiBJbmZvUHJvcHMpID0+IHtcbiAgY29uc3QgdGhlbWU6IFRoZW1lID0gdXNlVGhlbWUoKTtcblxuICBjb25zdCBzdHlsZSA9IGNzc2BcbiAgICBiYWNrZ3JvdW5kLWNvbG9yOiAke3RoZW1lLmNvbG9ycy5ub3RlfTtcbiAgICBib3JkZXItbGVmdDogc29saWQgNHB4ICR7dGhlbWUuY29sb3JzLm5vdGVIaWdobGlnaHR9O1xuICBgO1xuXG4gIHJldHVybiA8Tm90ZSBhZGRpdGlvbmFsU3R5bGU9e3N0eWxlfT57Y2hpbGRyZW59PC9Ob3RlPjtcbn07XG5cbmNvbnN0IFdhcm5pbmcgPSAoeyBjaGlsZHJlbiB9OiBJbmZvUHJvcHMpID0+IHtcbiAgY29uc3QgdGhlbWU6IFRoZW1lID0gdXNlVGhlbWUoKTtcblxuICBjb25zdCBzdHlsZSA9IGNzc2BcbiAgICBiYWNrZ3JvdW5kLWNvbG9yOiAke3RoZW1lLmNvbG9ycy53YXJuaW5nfTtcbiAgICBib3JkZXItbGVmdDogc29saWQgNHB4ICR7dGhlbWUuY29sb3JzLndhcm5pbmdIaWdobGlnaHR9O1xuICBgO1xuXG4gIHJldHVybiA8Tm90ZSBhZGRpdGlvbmFsU3R5bGU9e3N0eWxlfT57Y2hpbGRyZW59PC9Ob3RlPjtcbn07XG5cbmV4cG9ydCB7IE5vdGUsIEluZm8sIFdhcm5pbmcgfTtcbiJdfQ== */",
      "toString": [Function],
    }
  }
>
  This is an info box
</aside>
`;

exports[`Note Passes snapshot test 1`] = `
<aside
  css={
    Object {
      "map": "/*# sourceMappingURL=data:application/json;charset=utf-8;base64,eyJ2ZXJzaW9uIjozLCJzb3VyY2VzIjpbImluZGV4LnRzeCJdLCJuYW1lcyI6W10sIm1hcHBpbmdzIjoiQUFrQnVCIiwiZmlsZSI6ImluZGV4LnRzeCIsInNvdXJjZXNDb250ZW50IjpbImltcG9ydCBSZWFjdCBmcm9tIFwicmVhY3RcIjtcblxuaW1wb3J0IHsgY3NzLCBqc3gsIFNlcmlhbGl6ZWRTdHlsZXMgfSBmcm9tIFwiQGVtb3Rpb24vY29yZVwiO1xuXG5pbXBvcnQgeyB1c2VUaGVtZSB9IGZyb20gXCJlbW90aW9uLXRoZW1pbmdcIjtcbmltcG9ydCB7IFRoZW1lIH0gZnJvbSBcIi4uL3RoZW1lXCI7XG5cbmludGVyZmFjZSBJbmZvUHJvcHMge1xuICBjaGlsZHJlbjogUmVhY3QuUmVhY3ROb2RlO1xufVxuXG5pbnRlcmZhY2UgTm90ZVByb3BzIGV4dGVuZHMgSW5mb1Byb3BzIHtcbiAgYWRkaXRpb25hbFN0eWxlPzogU2VyaWFsaXplZFN0eWxlcztcbn1cblxuY29uc3QgTm90ZSA9ICh7IGNoaWxkcmVuLCBhZGRpdGlvbmFsU3R5bGUgfTogTm90ZVByb3BzKSA9PiB7XG4gIGNvbnN0IHRoZW1lOiBUaGVtZSA9IHVzZVRoZW1lKCk7XG5cbiAgY29uc3Qgbm90ZVN0eWxlID0gY3NzYFxuICAgIGNvbG9yOiAke3RoZW1lLmNvbG9ycy5wcmltYXJ5VGV4dH07XG4gICAgbGluZS1oZWlnaHQ6IDE4cHg7XG4gICAgb3ZlcmZsb3c6IGhpZGRlbjtcbiAgICBwYWRkaW5nOiAxMHB4IDIwcHg7XG4gICAgbWFyZ2luOiAxMnB4IDBweDtcblxuICAgIGgxLFxuICAgIGgyLFxuICAgIGgzLFxuICAgIGg0LFxuICAgIGg1LFxuICAgIGg2IHtcbiAgICAgIG1hcmdpbi1ib3R0b206IDhweDtcbiAgICAgIG1hcmdpbi10b3A6IDhweDtcbiAgICB9XG5cbiAgICBoMSB7XG4gICAgICBmb250LXNpemU6IDIwcHg7XG4gICAgfVxuXG4gICAgaDIge1xuICAgICAgZm9udC1zaXplOiAxOHB4O1xuICAgIH1cblxuICAgIGgzLFxuICAgIGg0LFxuICAgIGg1LFxuICAgIGg2IHtcbiAgICAgIGZvbnQtc2l6ZTogMTZweDtcbiAgICB9XG5cbiAgICBwIHtcbiAgICAgIG1hcmdpbi1ib3R0b206IDhweDtcbiAgICAgIG1hcmdpbi10b3A6IDhweDtcbiAgICB9XG4gIGA7XG5cbiAgcmV0dXJuIDxhc2lkZSBjc3M9e1tub3RlU3R5bGUsIGFkZGl0aW9uYWxTdHlsZV19PntjaGlsZHJlbn08L2FzaWRlPjtcbn07XG5cbmNvbnN0IEluZm8gPSAoeyBjaGlsZHJlbiB9OiBJbmZvUHJvcHMpID0+IHtcbiAgY29uc3QgdGhlbWU6IFRoZW1lID0gdXNlVGhlbWUoKTtcblxuICBjb25zdCBzdHlsZSA9IGNzc2BcbiAgICBiYWNrZ3JvdW5kLWNvbG9yOiAke3RoZW1lLmNvbG9ycy5ub3RlfTtcbiAgICBib3JkZXItbGVmdDogc29saWQgNHB4ICR7dGhlbWUuY29sb3JzLm5vdGVIaWdobGlnaHR9O1xuICBgO1xuXG4gIHJldHVybiA8Tm90ZSBhZGRpdGlvbmFsU3R5bGU9e3N0eWxlfT57Y2hpbGRyZW59PC9Ob3RlPjtcbn07XG5cbmNvbnN0IFdhcm5pbmcgPSAoeyBjaGlsZHJlbiB9OiBJbmZvUHJvcHMpID0+IHtcbiAgY29uc3QgdGhlbWU6IFRoZW1lID0gdXNlVGhlbWUoKTtcblxuICBjb25zdCBzdHlsZSA9IGNzc2BcbiAgICBiYWNrZ3JvdW5kLWNvbG9yOiAke3RoZW1lLmNvbG9ycy53YXJuaW5nfTtcbiAgICBib3JkZXItbGVmdDogc29saWQgNHB4ICR7dGhlbWUuY29sb3JzLndhcm5pbmdIaWdobGlnaHR9O1xuICBgO1xuXG4gIHJldHVybiA8Tm90ZSBhZGRpdGlvbmFsU3R5bGU9e3N0eWxlfT57Y2hpbGRyZW59PC9Ob3RlPjtcbn07XG5cbmV4cG9ydCB7IE5vdGUsIEluZm8sIFdhcm5pbmcgfTtcbiJdfQ== */",
      "name": "1tnpsj7-noteStyle-Note",
      "next": undefined,
      "styles": "color:#3B454E;line-height:18px;overflow:hidden;padding:10px 20px;margin:12px 0px;h1,h2,h3,h4,h5,h6{margin-bottom:8px;margin-top:8px;}h1{font-size:20px;}h2{font-size:18px;}h3,h4,h5,h6{font-size:16px;}p{margin-bottom:8px;margin-top:8px;};label:noteStyle;;;label:Note;/*# sourceMappingURL=data:application/json;charset=utf-8;base64,eyJ2ZXJzaW9uIjozLCJzb3VyY2VzIjpbImluZGV4LnRzeCJdLCJuYW1lcyI6W10sIm1hcHBpbmdzIjoiQUF3RGdCIiwiZmlsZSI6ImluZGV4LnRzeCIsInNvdXJjZXNDb250ZW50IjpbImltcG9ydCBSZWFjdCBmcm9tIFwicmVhY3RcIjtcblxuaW1wb3J0IHsgY3NzLCBqc3gsIFNlcmlhbGl6ZWRTdHlsZXMgfSBmcm9tIFwiQGVtb3Rpb24vY29yZVwiO1xuXG5pbXBvcnQgeyB1c2VUaGVtZSB9IGZyb20gXCJlbW90aW9uLXRoZW1pbmdcIjtcbmltcG9ydCB7IFRoZW1lIH0gZnJvbSBcIi4uL3RoZW1lXCI7XG5cbmludGVyZmFjZSBJbmZvUHJvcHMge1xuICBjaGlsZHJlbjogUmVhY3QuUmVhY3ROb2RlO1xufVxuXG5pbnRlcmZhY2UgTm90ZVByb3BzIGV4dGVuZHMgSW5mb1Byb3BzIHtcbiAgYWRkaXRpb25hbFN0eWxlPzogU2VyaWFsaXplZFN0eWxlcztcbn1cblxuY29uc3QgTm90ZSA9ICh7IGNoaWxkcmVuLCBhZGRpdGlvbmFsU3R5bGUgfTogTm90ZVByb3BzKSA9PiB7XG4gIGNvbnN0IHRoZW1lOiBUaGVtZSA9IHVzZVRoZW1lKCk7XG5cbiAgY29uc3Qgbm90ZVN0eWxlID0gY3NzYFxuICAgIGNvbG9yOiAke3RoZW1lLmNvbG9ycy5wcmltYXJ5VGV4dH07XG4gICAgbGluZS1oZWlnaHQ6IDE4cHg7XG4gICAgb3ZlcmZsb3c6IGhpZGRlbjtcbiAgICBwYWRkaW5nOiAxMHB4IDIwcHg7XG4gICAgbWFyZ2luOiAxMnB4IDBweDtcblxuICAgIGgxLFxuICAgIGgyLFxuICAgIGgzLFxuICAgIGg0LFxuICAgIGg1LFxuICAgIGg2IHtcbiAgICAgIG1hcmdpbi1ib3R0b206IDhweDtcbiAgICAgIG1hcmdpbi10b3A6IDhweDtcbiAgICB9XG5cbiAgICBoMSB7XG4gICAgICBmb250LXNpemU6IDIwcHg7XG4gICAgfVxuXG4gICAgaDIge1xuICAgICAgZm9udC1zaXplOiAxOHB4O1xuICAgIH1cblxuICAgIGgzLFxuICAgIGg0LFxuICAgIGg1LFxuICAgIGg2IHtcbiAgICAgIGZvbnQtc2l6ZTogMTZweDtcbiAgICB9XG5cbiAgICBwIHtcbiAgICAgIG1hcmdpbi1ib3R0b206IDhweDtcbiAgICAgIG1hcmdpbi10b3A6IDhweDtcbiAgICB9XG4gIGA7XG5cbiAgcmV0dXJuIDxhc2lkZSBjc3M9e1tub3RlU3R5bGUsIGFkZGl0aW9uYWxTdHlsZV19PntjaGlsZHJlbn08L2FzaWRlPjtcbn07XG5cbmNvbnN0IEluZm8gPSAoeyBjaGlsZHJlbiB9OiBJbmZvUHJvcHMpID0+IHtcbiAgY29uc3QgdGhlbWU6IFRoZW1lID0gdXNlVGhlbWUoKTtcblxuICBjb25zdCBzdHlsZSA9IGNzc2BcbiAgICBiYWNrZ3JvdW5kLWNvbG9yOiAke3RoZW1lLmNvbG9ycy5ub3RlfTtcbiAgICBib3JkZXItbGVmdDogc29saWQgNHB4ICR7dGhlbWUuY29sb3JzLm5vdGVIaWdobGlnaHR9O1xuICBgO1xuXG4gIHJldHVybiA8Tm90ZSBhZGRpdGlvbmFsU3R5bGU9e3N0eWxlfT57Y2hpbGRyZW59PC9Ob3RlPjtcbn07XG5cbmNvbnN0IFdhcm5pbmcgPSAoeyBjaGlsZHJlbiB9OiBJbmZvUHJvcHMpID0+IHtcbiAgY29uc3QgdGhlbWU6IFRoZW1lID0gdXNlVGhlbWUoKTtcblxuICBjb25zdCBzdHlsZSA9IGNzc2BcbiAgICBiYWNrZ3JvdW5kLWNvbG9yOiAke3RoZW1lLmNvbG9ycy53YXJuaW5nfTtcbiAgICBib3JkZXItbGVmdDogc29saWQgNHB4ICR7dGhlbWUuY29sb3JzLndhcm5pbmdIaWdobGlnaHR9O1xuICBgO1xuXG4gIHJldHVybiA8Tm90ZSBhZGRpdGlvbmFsU3R5bGU9e3N0eWxlfT57Y2hpbGRyZW59PC9Ob3RlPjtcbn07XG5cbmV4cG9ydCB7IE5vdGUsIEluZm8sIFdhcm5pbmcgfTtcbiJdfQ== */",
      "toString": [Function],
    }
  }
>
  This is a note
</aside>
`;

exports[`Warning Passes snapshot test 1`] = `
<aside
  css={
    Object {
      "map": "/*# sourceMappingURL=data:application/json;charset=utf-8;base64,eyJ2ZXJzaW9uIjozLCJzb3VyY2VzIjpbImluZGV4LnRzeCJdLCJuYW1lcyI6W10sIm1hcHBpbmdzIjoiQUFrQnVCIiwiZmlsZSI6ImluZGV4LnRzeCIsInNvdXJjZXNDb250ZW50IjpbImltcG9ydCBSZWFjdCBmcm9tIFwicmVhY3RcIjtcblxuaW1wb3J0IHsgY3NzLCBqc3gsIFNlcmlhbGl6ZWRTdHlsZXMgfSBmcm9tIFwiQGVtb3Rpb24vY29yZVwiO1xuXG5pbXBvcnQgeyB1c2VUaGVtZSB9IGZyb20gXCJlbW90aW9uLXRoZW1pbmdcIjtcbmltcG9ydCB7IFRoZW1lIH0gZnJvbSBcIi4uL3RoZW1lXCI7XG5cbmludGVyZmFjZSBJbmZvUHJvcHMge1xuICBjaGlsZHJlbjogUmVhY3QuUmVhY3ROb2RlO1xufVxuXG5pbnRlcmZhY2UgTm90ZVByb3BzIGV4dGVuZHMgSW5mb1Byb3BzIHtcbiAgYWRkaXRpb25hbFN0eWxlPzogU2VyaWFsaXplZFN0eWxlcztcbn1cblxuY29uc3QgTm90ZSA9ICh7IGNoaWxkcmVuLCBhZGRpdGlvbmFsU3R5bGUgfTogTm90ZVByb3BzKSA9PiB7XG4gIGNvbnN0IHRoZW1lOiBUaGVtZSA9IHVzZVRoZW1lKCk7XG5cbiAgY29uc3Qgbm90ZVN0eWxlID0gY3NzYFxuICAgIGNvbG9yOiAke3RoZW1lLmNvbG9ycy5wcmltYXJ5VGV4dH07XG4gICAgbGluZS1oZWlnaHQ6IDE4cHg7XG4gICAgb3ZlcmZsb3c6IGhpZGRlbjtcbiAgICBwYWRkaW5nOiAxMHB4IDIwcHg7XG4gICAgbWFyZ2luOiAxMnB4IDBweDtcblxuICAgIGgxLFxuICAgIGgyLFxuICAgIGgzLFxuICAgIGg0LFxuICAgIGg1LFxuICAgIGg2IHtcbiAgICAgIG1hcmdpbi1ib3R0b206IDhweDtcbiAgICAgIG1hcmdpbi10b3A6IDhweDtcbiAgICB9XG5cbiAgICBoMSB7XG4gICAgICBmb250LXNpemU6IDIwcHg7XG4gICAgfVxuXG4gICAgaDIge1xuICAgICAgZm9udC1zaXplOiAxOHB4O1xuICAgIH1cblxuICAgIGgzLFxuICAgIGg0LFxuICAgIGg1LFxuICAgIGg2IHtcbiAgICAgIGZvbnQtc2l6ZTogMTZweDtcbiAgICB9XG5cbiAgICBwIHtcbiAgICAgIG1hcmdpbi1ib3R0b206IDhweDtcbiAgICAgIG1hcmdpbi10b3A6IDhweDtcbiAgICB9XG4gIGA7XG5cbiAgcmV0dXJuIDxhc2lkZSBjc3M9e1tub3RlU3R5bGUsIGFkZGl0aW9uYWxTdHlsZV19PntjaGlsZHJlbn08L2FzaWRlPjtcbn07XG5cbmNvbnN0IEluZm8gPSAoeyBjaGlsZHJlbiB9OiBJbmZvUHJvcHMpID0+IHtcbiAgY29uc3QgdGhlbWU6IFRoZW1lID0gdXNlVGhlbWUoKTtcblxuICBjb25zdCBzdHlsZSA9IGNzc2BcbiAgICBiYWNrZ3JvdW5kLWNvbG9yOiAke3RoZW1lLmNvbG9ycy5ub3RlfTtcbiAgICBib3JkZXItbGVmdDogc29saWQgNHB4ICR7dGhlbWUuY29sb3JzLm5vdGVIaWdobGlnaHR9O1xuICBgO1xuXG4gIHJldHVybiA8Tm90ZSBhZGRpdGlvbmFsU3R5bGU9e3N0eWxlfT57Y2hpbGRyZW59PC9Ob3RlPjtcbn07XG5cbmNvbnN0IFdhcm5pbmcgPSAoeyBjaGlsZHJlbiB9OiBJbmZvUHJvcHMpID0+IHtcbiAgY29uc3QgdGhlbWU6IFRoZW1lID0gdXNlVGhlbWUoKTtcblxuICBjb25zdCBzdHlsZSA9IGNzc2BcbiAgICBiYWNrZ3JvdW5kLWNvbG9yOiAke3RoZW1lLmNvbG9ycy53YXJuaW5nfTtcbiAgICBib3JkZXItbGVmdDogc29saWQgNHB4ICR7dGhlbWUuY29sb3JzLndhcm5pbmdIaWdobGlnaHR9O1xuICBgO1xuXG4gIHJldHVybiA8Tm90ZSBhZGRpdGlvbmFsU3R5bGU9e3N0eWxlfT57Y2hpbGRyZW59PC9Ob3RlPjtcbn07XG5cbmV4cG9ydCB7IE5vdGUsIEluZm8sIFdhcm5pbmcgfTtcbiJdfQ== */",
      "name": "18ifasr-noteStyle-style-Note",
      "next": undefined,
      "styles": "color:#3B454E;line-height:18px;overflow:hidden;padding:10px 20px;margin:12px 0px;h1,h2,h3,h4,h5,h6{margin-bottom:8px;margin-top:8px;}h1{font-size:20px;}h2{font-size:18px;}h3,h4,h5,h6{font-size:16px;}p{margin-bottom:8px;margin-top:8px;};label:noteStyle;;background-color:#F3BBA5;border-left:solid 4px #B44418;;label:style;;/*# sourceMappingURL=data:application/json;charset=utf-8;base64,eyJ2ZXJzaW9uIjozLCJzb3VyY2VzIjpbImluZGV4LnRzeCJdLCJuYW1lcyI6W10sIm1hcHBpbmdzIjoiQUF5RW1CIiwiZmlsZSI6ImluZGV4LnRzeCIsInNvdXJjZXNDb250ZW50IjpbImltcG9ydCBSZWFjdCBmcm9tIFwicmVhY3RcIjtcblxuaW1wb3J0IHsgY3NzLCBqc3gsIFNlcmlhbGl6ZWRTdHlsZXMgfSBmcm9tIFwiQGVtb3Rpb24vY29yZVwiO1xuXG5pbXBvcnQgeyB1c2VUaGVtZSB9IGZyb20gXCJlbW90aW9uLXRoZW1pbmdcIjtcbmltcG9ydCB7IFRoZW1lIH0gZnJvbSBcIi4uL3RoZW1lXCI7XG5cbmludGVyZmFjZSBJbmZvUHJvcHMge1xuICBjaGlsZHJlbjogUmVhY3QuUmVhY3ROb2RlO1xufVxuXG5pbnRlcmZhY2UgTm90ZVByb3BzIGV4dGVuZHMgSW5mb1Byb3BzIHtcbiAgYWRkaXRpb25hbFN0eWxlPzogU2VyaWFsaXplZFN0eWxlcztcbn1cblxuY29uc3QgTm90ZSA9ICh7IGNoaWxkcmVuLCBhZGRpdGlvbmFsU3R5bGUgfTogTm90ZVByb3BzKSA9PiB7XG4gIGNvbnN0IHRoZW1lOiBUaGVtZSA9IHVzZVRoZW1lKCk7XG5cbiAgY29uc3Qgbm90ZVN0eWxlID0gY3NzYFxuICAgIGNvbG9yOiAke3RoZW1lLmNvbG9ycy5wcmltYXJ5VGV4dH07XG4gICAgbGluZS1oZWlnaHQ6IDE4cHg7XG4gICAgb3ZlcmZsb3c6IGhpZGRlbjtcbiAgICBwYWRkaW5nOiAxMHB4IDIwcHg7XG4gICAgbWFyZ2luOiAxMnB4IDBweDtcblxuICAgIGgxLFxuICAgIGgyLFxuICAgIGgzLFxuICAgIGg0LFxuICAgIGg1LFxuICAgIGg2IHtcbiAgICAgIG1hcmdpbi1ib3R0b206IDhweDtcbiAgICAgIG1hcmdpbi10b3A6IDhweDtcbiAgICB9XG5cbiAgICBoMSB7XG4gICAgICBmb250LXNpemU6IDIwcHg7XG4gICAgfVxuXG4gICAgaDIge1xuICAgICAgZm9udC1zaXplOiAxOHB4O1xuICAgIH1cblxuICAgIGgzLFxuICAgIGg0LFxuICAgIGg1LFxuICAgIGg2IHtcbiAgICAgIGZvbnQtc2l6ZTogMTZweDtcbiAgICB9XG5cbiAgICBwIHtcbiAgICAgIG1hcmdpbi1ib3R0b206IDhweDtcbiAgICAgIG1hcmdpbi10b3A6IDhweDtcbiAgICB9XG4gIGA7XG5cbiAgcmV0dXJuIDxhc2lkZSBjc3M9e1tub3RlU3R5bGUsIGFkZGl0aW9uYWxTdHlsZV19PntjaGlsZHJlbn08L2FzaWRlPjtcbn07XG5cbmNvbnN0IEluZm8gPSAoeyBjaGlsZHJlbiB9OiBJbmZvUHJvcHMpID0+IHtcbiAgY29uc3QgdGhlbWU6IFRoZW1lID0gdXNlVGhlbWUoKTtcblxuICBjb25zdCBzdHlsZSA9IGNzc2BcbiAgICBiYWNrZ3JvdW5kLWNvbG9yOiAke3RoZW1lLmNvbG9ycy5ub3RlfTtcbiAgICBib3JkZXItbGVmdDogc29saWQgNHB4ICR7dGhlbWUuY29sb3JzLm5vdGVIaWdobGlnaHR9O1xuICBgO1xuXG4gIHJldHVybiA8Tm90ZSBhZGRpdGlvbmFsU3R5bGU9e3N0eWxlfT57Y2hpbGRyZW59PC9Ob3RlPjtcbn07XG5cbmNvbnN0IFdhcm5pbmcgPSAoeyBjaGlsZHJlbiB9OiBJbmZvUHJvcHMpID0+IHtcbiAgY29uc3QgdGhlbWU6IFRoZW1lID0gdXNlVGhlbWUoKTtcblxuICBjb25zdCBzdHlsZSA9IGNzc2BcbiAgICBiYWNrZ3JvdW5kLWNvbG9yOiAke3RoZW1lLmNvbG9ycy53YXJuaW5nfTtcbiAgICBib3JkZXItbGVmdDogc29saWQgNHB4ICR7dGhlbWUuY29sb3JzLndhcm5pbmdIaWdobGlnaHR9O1xuICBgO1xuXG4gIHJldHVybiA8Tm90ZSBhZGRpdGlvbmFsU3R5bGU9e3N0eWxlfT57Y2hpbGRyZW59PC9Ob3RlPjtcbn07XG5cbmV4cG9ydCB7IE5vdGUsIEluZm8sIFdhcm5pbmcgfTtcbiJdfQ== */;label:Note;/*# sourceMappingURL=data:application/json;charset=utf-8;base64,eyJ2ZXJzaW9uIjozLCJzb3VyY2VzIjpbImluZGV4LnRzeCJdLCJuYW1lcyI6W10sIm1hcHBpbmdzIjoiQUF3RGdCIiwiZmlsZSI6ImluZGV4LnRzeCIsInNvdXJjZXNDb250ZW50IjpbImltcG9ydCBSZWFjdCBmcm9tIFwicmVhY3RcIjtcblxuaW1wb3J0IHsgY3NzLCBqc3gsIFNlcmlhbGl6ZWRTdHlsZXMgfSBmcm9tIFwiQGVtb3Rpb24vY29yZVwiO1xuXG5pbXBvcnQgeyB1c2VUaGVtZSB9IGZyb20gXCJlbW90aW9uLXRoZW1pbmdcIjtcbmltcG9ydCB7IFRoZW1lIH0gZnJvbSBcIi4uL3RoZW1lXCI7XG5cbmludGVyZmFjZSBJbmZvUHJvcHMge1xuICBjaGlsZHJlbjogUmVhY3QuUmVhY3ROb2RlO1xufVxuXG5pbnRlcmZhY2UgTm90ZVByb3BzIGV4dGVuZHMgSW5mb1Byb3BzIHtcbiAgYWRkaXRpb25hbFN0eWxlPzogU2VyaWFsaXplZFN0eWxlcztcbn1cblxuY29uc3QgTm90ZSA9ICh7IGNoaWxkcmVuLCBhZGRpdGlvbmFsU3R5bGUgfTogTm90ZVByb3BzKSA9PiB7XG4gIGNvbnN0IHRoZW1lOiBUaGVtZSA9IHVzZVRoZW1lKCk7XG5cbiAgY29uc3Qgbm90ZVN0eWxlID0gY3NzYFxuICAgIGNvbG9yOiAke3RoZW1lLmNvbG9ycy5wcmltYXJ5VGV4dH07XG4gICAgbGluZS1oZWlnaHQ6IDE4cHg7XG4gICAgb3ZlcmZsb3c6IGhpZGRlbjtcbiAgICBwYWRkaW5nOiAxMHB4IDIwcHg7XG4gICAgbWFyZ2luOiAxMnB4IDBweDtcblxuICAgIGgxLFxuICAgIGgyLFxuICAgIGgzLFxuICAgIGg0LFxuICAgIGg1LFxuICAgIGg2IHtcbiAgICAgIG1hcmdpbi1ib3R0b206IDhweDtcbiAgICAgIG1hcmdpbi10b3A6IDhweDtcbiAgICB9XG5cbiAgICBoMSB7XG4gICAgICBmb250LXNpemU6IDIwcHg7XG4gICAgfVxuXG4gICAgaDIge1xuICAgICAgZm9udC1zaXplOiAxOHB4O1xuICAgIH1cblxuICAgIGgzLFxuICAgIGg0LFxuICAgIGg1LFxuICAgIGg2IHtcbiAgICAgIGZvbnQtc2l6ZTogMTZweDtcbiAgICB9XG5cbiAgICBwIHtcbiAgICAgIG1hcmdpbi1ib3R0b206IDhweDtcbiAgICAgIG1hcmdpbi10b3A6IDhweDtcbiAgICB9XG4gIGA7XG5cbiAgcmV0dXJuIDxhc2lkZSBjc3M9e1tub3RlU3R5bGUsIGFkZGl0aW9uYWxTdHlsZV19PntjaGlsZHJlbn08L2FzaWRlPjtcbn07XG5cbmNvbnN0IEluZm8gPSAoeyBjaGlsZHJlbiB9OiBJbmZvUHJvcHMpID0+IHtcbiAgY29uc3QgdGhlbWU6IFRoZW1lID0gdXNlVGhlbWUoKTtcblxuICBjb25zdCBzdHlsZSA9IGNzc2BcbiAgICBiYWNrZ3JvdW5kLWNvbG9yOiAke3RoZW1lLmNvbG9ycy5ub3RlfTtcbiAgICBib3JkZXItbGVmdDogc29saWQgNHB4ICR7dGhlbWUuY29sb3JzLm5vdGVIaWdobGlnaHR9O1xuICBgO1xuXG4gIHJldHVybiA8Tm90ZSBhZGRpdGlvbmFsU3R5bGU9e3N0eWxlfT57Y2hpbGRyZW59PC9Ob3RlPjtcbn07XG5cbmNvbnN0IFdhcm5pbmcgPSAoeyBjaGlsZHJlbiB9OiBJbmZvUHJvcHMpID0+IHtcbiAgY29uc3QgdGhlbWU6IFRoZW1lID0gdXNlVGhlbWUoKTtcblxuICBjb25zdCBzdHlsZSA9IGNzc2BcbiAgICBiYWNrZ3JvdW5kLWNvbG9yOiAke3RoZW1lLmNvbG9ycy53YXJuaW5nfTtcbiAgICBib3JkZXItbGVmdDogc29saWQgNHB4ICR7dGhlbWUuY29sb3JzLndhcm5pbmdIaWdobGlnaHR9O1xuICBgO1xuXG4gIHJldHVybiA8Tm90ZSBhZGRpdGlvbmFsU3R5bGU9e3N0eWxlfT57Y2hpbGRyZW59PC9Ob3RlPjtcbn07XG5cbmV4cG9ydCB7IE5vdGUsIEluZm8sIFdhcm5pbmcgfTtcbiJdfQ== */",
      "toString": [Function],
    }
  }
>
  This is a warning box
</aside>
`;
